
Allocating common symbols
Common symbol       size              file

errno               0x4               C:\Users\Mad-P\AppData\Local\Temp\lj_load-436d62.o
heap_top            0x8               C:\Users\Mad-P\AppData\Local\Temp\stdlib-960e5f.o
heap_base           0x8               C:\Users\Mad-P\AppData\Local\Temp\stdlib-960e5f.o

Discarded input sections

 .note.GNU-stack
                0x0000000000000000        0x0 C:\Users\Mad-P\AppData\Local\Temp\lj_shim-35ccf9.o
 .note.GNU-stack
                0x0000000000000000        0x0 C:\Users\Mad-P\AppData\Local\Temp\screen-7a1220.o
 .note.GNU-stack
                0x0000000000000000        0x0 C:\Users\Mad-P\AppData\Local\Temp\start-edd3e9.o
 .note.GNU-stack
                0x0000000000000000        0x0 C:\Users\Mad-P\AppData\Local\Temp\assert-67d0be.o
 .note.GNU-stack
                0x0000000000000000        0x0 C:\Users\Mad-P\AppData\Local\Temp\locale-292cfd.o
 .note.GNU-stack
                0x0000000000000000        0x0 C:\Users\Mad-P\AppData\Local\Temp\math-8013eb.o
 .note.GNU-stack
                0x0000000000000000        0x0 C:\Users\Mad-P\AppData\Local\Temp\stdio-be3bc4.o
 .note.GNU-stack
                0x0000000000000000        0x0 C:\Users\Mad-P\AppData\Local\Temp\stdlib-960e5f.o
 .note.GNU-stack
                0x0000000000000000        0x0 C:\Users\Mad-P\AppData\Local\Temp\string-bb5499.o
 .note.GNU-stack
                0x0000000000000000        0x0 C:\Users\Mad-P\AppData\Local\Temp\time-b1a71b.o
 .note.GNU-stack
                0x0000000000000000        0x0 C:\Users\Mad-P\AppData\Local\Temp\lj_alloc-65fc53.o
 .note.GNU-stack
                0x0000000000000000        0x0 C:\Users\Mad-P\AppData\Local\Temp\lj_api-e6d69c.o
 .note.GNU-stack
                0x0000000000000000        0x0 C:\Users\Mad-P\AppData\Local\Temp\lj_asm-37b371.o
 .note.GNU-stack
                0x0000000000000000        0x0 C:\Users\Mad-P\AppData\Local\Temp\lj_bc-3f3c18.o
 .note.GNU-stack
                0x0000000000000000        0x0 C:\Users\Mad-P\AppData\Local\Temp\lj_bcread-e0d03a.o
 .note.GNU-stack
                0x0000000000000000        0x0 C:\Users\Mad-P\AppData\Local\Temp\lj_bcwrite-4f7308.o
 .note.GNU-stack
                0x0000000000000000        0x0 C:\Users\Mad-P\AppData\Local\Temp\lj_buf-856ecb.o
 .note.GNU-stack
                0x0000000000000000        0x0 C:\Users\Mad-P\AppData\Local\Temp\lj_carith-cbcec4.o
 .note.GNU-stack
                0x0000000000000000        0x0 C:\Users\Mad-P\AppData\Local\Temp\lj_ccall-0e422e.o
 .note.GNU-stack
                0x0000000000000000        0x0 C:\Users\Mad-P\AppData\Local\Temp\lj_ccallback-3c332d.o
 .note.GNU-stack
                0x0000000000000000        0x0 C:\Users\Mad-P\AppData\Local\Temp\lj_cconv-308b5a.o
 .note.GNU-stack
                0x0000000000000000        0x0 C:\Users\Mad-P\AppData\Local\Temp\lj_cdata-8fe54b.o
 .note.GNU-stack
                0x0000000000000000        0x0 C:\Users\Mad-P\AppData\Local\Temp\lj_char-e9bcb0.o
 .note.GNU-stack
                0x0000000000000000        0x0 C:\Users\Mad-P\AppData\Local\Temp\lj_clib-95bcb6.o
 .note.GNU-stack
                0x0000000000000000        0x0 C:\Users\Mad-P\AppData\Local\Temp\lj_cparse-6254a9.o
 .note.GNU-stack
                0x0000000000000000        0x0 C:\Users\Mad-P\AppData\Local\Temp\lj_crecord-48ed97.o
 .note.GNU-stack
                0x0000000000000000        0x0 C:\Users\Mad-P\AppData\Local\Temp\lj_ctype-24c9c1.o
 .note.GNU-stack
                0x0000000000000000        0x0 C:\Users\Mad-P\AppData\Local\Temp\lj_debug-a538de.o
 .note.GNU-stack
                0x0000000000000000        0x0 C:\Users\Mad-P\AppData\Local\Temp\lj_dispatch-37e82f.o
 .note.GNU-stack
                0x0000000000000000        0x0 C:\Users\Mad-P\AppData\Local\Temp\lj_err-bc9216.o
 .note.GNU-stack
                0x0000000000000000        0x0 C:\Users\Mad-P\AppData\Local\Temp\lj_ffrecord-c8ed53.o
 .note.GNU-stack
                0x0000000000000000        0x0 C:\Users\Mad-P\AppData\Local\Temp\lj_func-aec8b7.o
 .note.GNU-stack
                0x0000000000000000        0x0 C:\Users\Mad-P\AppData\Local\Temp\lj_gc-c4cab6.o
 .note.GNU-stack
                0x0000000000000000        0x0 C:\Users\Mad-P\AppData\Local\Temp\lj_gdbjit-d95f99.o
 .note.GNU-stack
                0x0000000000000000        0x0 C:\Users\Mad-P\AppData\Local\Temp\lj_ir-e7a937.o
 .note.GNU-stack
                0x0000000000000000        0x0 C:\Users\Mad-P\AppData\Local\Temp\lj_lex-80c56a.o
 .note.GNU-stack
                0x0000000000000000        0x0 C:\Users\Mad-P\AppData\Local\Temp\lj_lib-3aa597.o
 .note.GNU-stack
                0x0000000000000000        0x0 C:\Users\Mad-P\AppData\Local\Temp\lj_load-436d62.o
 .note.GNU-stack
                0x0000000000000000        0x0 C:\Users\Mad-P\AppData\Local\Temp\lj_mcode-cd2133.o
 .note.GNU-stack
                0x0000000000000000        0x0 C:\Users\Mad-P\AppData\Local\Temp\lj_meta-7a4a33.o
 .note.GNU-stack
                0x0000000000000000        0x0 C:\Users\Mad-P\AppData\Local\Temp\lj_obj-f2ff0e.o
 .note.GNU-stack
                0x0000000000000000        0x0 C:\Users\Mad-P\AppData\Local\Temp\lj_opt_dce-a06b3d.o
 .note.GNU-stack
                0x0000000000000000        0x0 C:\Users\Mad-P\AppData\Local\Temp\lj_opt_fold-2ba073.o
 .note.GNU-stack
                0x0000000000000000        0x0 C:\Users\Mad-P\AppData\Local\Temp\lj_opt_loop-c5e4a7.o
 .note.GNU-stack
                0x0000000000000000        0x0 C:\Users\Mad-P\AppData\Local\Temp\lj_opt_mem-5dbb2a.o
 .note.GNU-stack
                0x0000000000000000        0x0 C:\Users\Mad-P\AppData\Local\Temp\lj_opt_narrow-0b5799.o
 .note.GNU-stack
                0x0000000000000000        0x0 C:\Users\Mad-P\AppData\Local\Temp\lj_opt_sink-bd702e.o
 .note.GNU-stack
                0x0000000000000000        0x0 C:\Users\Mad-P\AppData\Local\Temp\lj_opt_split-3503a3.o
 .note.GNU-stack
                0x0000000000000000        0x0 C:\Users\Mad-P\AppData\Local\Temp\lj_parse-63e274.o
 .note.GNU-stack
                0x0000000000000000        0x0 C:\Users\Mad-P\AppData\Local\Temp\lj_profile-6f7900.o
 .note.GNU-stack
                0x0000000000000000        0x0 C:\Users\Mad-P\AppData\Local\Temp\lj_record-dddcc6.o
 .note.GNU-stack
                0x0000000000000000        0x0 C:\Users\Mad-P\AppData\Local\Temp\lj_snap-d0df82.o
 .note.GNU-stack
                0x0000000000000000        0x0 C:\Users\Mad-P\AppData\Local\Temp\lj_state-e527fc.o
 .note.GNU-stack
                0x0000000000000000        0x0 C:\Users\Mad-P\AppData\Local\Temp\lj_str-5e69de.o
 .note.GNU-stack
                0x0000000000000000        0x0 C:\Users\Mad-P\AppData\Local\Temp\lj_strfmt-bc2bb5.o
 .note.GNU-stack
                0x0000000000000000        0x0 C:\Users\Mad-P\AppData\Local\Temp\lj_strfmt_num-4324f1.o
 .note.GNU-stack
                0x0000000000000000        0x0 C:\Users\Mad-P\AppData\Local\Temp\lj_strscan-b51874.o
 .note.GNU-stack
                0x0000000000000000        0x0 C:\Users\Mad-P\AppData\Local\Temp\lj_tab-936da9.o
 .note.GNU-stack
                0x0000000000000000        0x0 C:\Users\Mad-P\AppData\Local\Temp\lj_trace-60ed3d.o
 .note.GNU-stack
                0x0000000000000000        0x0 C:\Users\Mad-P\AppData\Local\Temp\lj_udata-839ae3.o
 .note.GNU-stack
                0x0000000000000000        0x0 C:\Users\Mad-P\AppData\Local\Temp\lj_vmevent-3f5880.o
 .note.GNU-stack
                0x0000000000000000        0x0 C:\Users\Mad-P\AppData\Local\Temp\lj_vmmath-338e6d.o
 .note.GNU-stack
                0x0000000000000000        0x0 C:\Users\Mad-P\AppData\Local\Temp\lib_aux-1f7f70.o
 .note.GNU-stack
                0x0000000000000000        0x0 C:\Users\Mad-P\AppData\Local\Temp\lib_init-70dc7e.o
 .note.GNU-stack
                0x0000000000000000        0x0 C:\Users\Mad-P\AppData\Local\Temp\lib_base-a9c53a.o
 .note.GNU-stack
                0x0000000000000000        0x0 C:\Users\Mad-P\AppData\Local\Temp\lib_math-70ed43.o
 .note.GNU-stack
                0x0000000000000000        0x0 C:\Users\Mad-P\AppData\Local\Temp\lib_bit-41b831.o
 .note.GNU-stack
                0x0000000000000000        0x0 C:\Users\Mad-P\AppData\Local\Temp\lib_string-16c6ec.o
 .note.GNU-stack
                0x0000000000000000        0x0 C:\Users\Mad-P\AppData\Local\Temp\lib_table-6de2a2.o
 .note.GNU-stack
                0x0000000000000000        0x0 C:\Users\Mad-P\AppData\Local\Temp\lib_io-53e52b.o
 .note.GNU-stack
                0x0000000000000000        0x0 C:\Users\Mad-P\AppData\Local\Temp\lib_os-4d30c1.o
 .note.GNU-stack
                0x0000000000000000        0x0 C:\Users\Mad-P\AppData\Local\Temp\lib_package-546b26.o
 .note.GNU-stack
                0x0000000000000000        0x0 C:\Users\Mad-P\AppData\Local\Temp\lib_debug-49a01c.o
 .note.GNU-stack
                0x0000000000000000        0x0 C:\Users\Mad-P\AppData\Local\Temp\lib_jit-0da9fb.o
 .note.GNU-stack
                0x0000000000000000        0x0 C:\Users\Mad-P\AppData\Local\Temp\lib_ffi-178c62.o

Memory Configuration

Name             Origin             Length             Attributes
*default*        0x0000000000000000 0xffffffffffffffff

Linker script and memory map

                0x0000000001000000                __image_base__ = 0x1000000
                0x0000000000000000                __dll__ = 0x0
                0x0000000001000000                __ImageBase = 0x1000000
                0x0000000000001000                __section_alignment__ = 0x1000
                0x0000000000000200                __file_alignment__ = 0x200
                0x0000000000000004                __major_os_version__ = 0x4
                0x0000000000000000                __minor_os_version__ = 0x0
                0x0000000000000000                __major_image_version__ = 0x0
                0x0000000000000000                __minor_image_version__ = 0x0
                0x0000000000000005                __major_subsystem_version__ = 0x5
                0x0000000000000002                __minor_subsystem_version__ = 0x2
                0x0000000000000001                __subsystem__ = 0x1
                0x0000000000200000                __size_of_stack_reserve__ = 0x200000
                0x0000000000001000                __size_of_stack_commit__ = 0x1000
                0x0000000000100000                __size_of_heap_reserve__ = 0x100000
                0x0000000000001000                __size_of_heap_commit__ = 0x1000
                0x0000000000000000                __loader_flags__ = 0x0
                0x0000000000000000                __dll_characteristics__ = 0x0
LOAD C:\Users\Mad-P\AppData\Local\Temp\lj_shim-35ccf9.o
LOAD C:\Users\Mad-P\AppData\Local\Temp\screen-7a1220.o
LOAD C:\Users\Mad-P\AppData\Local\Temp\start-edd3e9.o
LOAD C:\Users\Mad-P\AppData\Local\Temp\assert-67d0be.o
LOAD C:\Users\Mad-P\AppData\Local\Temp\locale-292cfd.o
LOAD C:\Users\Mad-P\AppData\Local\Temp\math-8013eb.o
LOAD C:\Users\Mad-P\AppData\Local\Temp\stdio-be3bc4.o
LOAD C:\Users\Mad-P\AppData\Local\Temp\stdlib-960e5f.o
LOAD C:\Users\Mad-P\AppData\Local\Temp\string-bb5499.o
LOAD C:\Users\Mad-P\AppData\Local\Temp\time-b1a71b.o
LOAD C:\Users\Mad-P\AppData\Local\Temp\lj_alloc-65fc53.o
LOAD C:\Users\Mad-P\AppData\Local\Temp\lj_api-e6d69c.o
LOAD C:\Users\Mad-P\AppData\Local\Temp\lj_asm-37b371.o
LOAD C:\Users\Mad-P\AppData\Local\Temp\lj_bc-3f3c18.o
LOAD C:\Users\Mad-P\AppData\Local\Temp\lj_bcread-e0d03a.o
LOAD C:\Users\Mad-P\AppData\Local\Temp\lj_bcwrite-4f7308.o
LOAD C:\Users\Mad-P\AppData\Local\Temp\lj_buf-856ecb.o
LOAD C:\Users\Mad-P\AppData\Local\Temp\lj_carith-cbcec4.o
LOAD C:\Users\Mad-P\AppData\Local\Temp\lj_ccall-0e422e.o
LOAD C:\Users\Mad-P\AppData\Local\Temp\lj_ccallback-3c332d.o
LOAD C:\Users\Mad-P\AppData\Local\Temp\lj_cconv-308b5a.o
LOAD C:\Users\Mad-P\AppData\Local\Temp\lj_cdata-8fe54b.o
LOAD C:\Users\Mad-P\AppData\Local\Temp\lj_char-e9bcb0.o
LOAD C:\Users\Mad-P\AppData\Local\Temp\lj_clib-95bcb6.o
LOAD C:\Users\Mad-P\AppData\Local\Temp\lj_cparse-6254a9.o
LOAD C:\Users\Mad-P\AppData\Local\Temp\lj_crecord-48ed97.o
LOAD C:\Users\Mad-P\AppData\Local\Temp\lj_ctype-24c9c1.o
LOAD C:\Users\Mad-P\AppData\Local\Temp\lj_debug-a538de.o
LOAD C:\Users\Mad-P\AppData\Local\Temp\lj_dispatch-37e82f.o
LOAD C:\Users\Mad-P\AppData\Local\Temp\lj_err-bc9216.o
LOAD C:\Users\Mad-P\AppData\Local\Temp\lj_ffrecord-c8ed53.o
LOAD C:\Users\Mad-P\AppData\Local\Temp\lj_func-aec8b7.o
LOAD C:\Users\Mad-P\AppData\Local\Temp\lj_gc-c4cab6.o
LOAD C:\Users\Mad-P\AppData\Local\Temp\lj_gdbjit-d95f99.o
LOAD C:\Users\Mad-P\AppData\Local\Temp\lj_ir-e7a937.o
LOAD C:\Users\Mad-P\AppData\Local\Temp\lj_lex-80c56a.o
LOAD C:\Users\Mad-P\AppData\Local\Temp\lj_lib-3aa597.o
LOAD C:\Users\Mad-P\AppData\Local\Temp\lj_load-436d62.o
LOAD C:\Users\Mad-P\AppData\Local\Temp\lj_mcode-cd2133.o
LOAD C:\Users\Mad-P\AppData\Local\Temp\lj_meta-7a4a33.o
LOAD C:\Users\Mad-P\AppData\Local\Temp\lj_obj-f2ff0e.o
LOAD C:\Users\Mad-P\AppData\Local\Temp\lj_opt_dce-a06b3d.o
LOAD C:\Users\Mad-P\AppData\Local\Temp\lj_opt_fold-2ba073.o
LOAD C:\Users\Mad-P\AppData\Local\Temp\lj_opt_loop-c5e4a7.o
LOAD C:\Users\Mad-P\AppData\Local\Temp\lj_opt_mem-5dbb2a.o
LOAD C:\Users\Mad-P\AppData\Local\Temp\lj_opt_narrow-0b5799.o
LOAD C:\Users\Mad-P\AppData\Local\Temp\lj_opt_sink-bd702e.o
LOAD C:\Users\Mad-P\AppData\Local\Temp\lj_opt_split-3503a3.o
LOAD C:\Users\Mad-P\AppData\Local\Temp\lj_parse-63e274.o
LOAD C:\Users\Mad-P\AppData\Local\Temp\lj_profile-6f7900.o
LOAD C:\Users\Mad-P\AppData\Local\Temp\lj_record-dddcc6.o
LOAD C:\Users\Mad-P\AppData\Local\Temp\lj_snap-d0df82.o
LOAD C:\Users\Mad-P\AppData\Local\Temp\lj_state-e527fc.o
LOAD C:\Users\Mad-P\AppData\Local\Temp\lj_str-5e69de.o
LOAD C:\Users\Mad-P\AppData\Local\Temp\lj_strfmt-bc2bb5.o
LOAD C:\Users\Mad-P\AppData\Local\Temp\lj_strfmt_num-4324f1.o
LOAD C:\Users\Mad-P\AppData\Local\Temp\lj_strscan-b51874.o
LOAD C:\Users\Mad-P\AppData\Local\Temp\lj_tab-936da9.o
LOAD C:\Users\Mad-P\AppData\Local\Temp\lj_trace-60ed3d.o
LOAD C:\Users\Mad-P\AppData\Local\Temp\lj_udata-839ae3.o
LOAD C:\Users\Mad-P\AppData\Local\Temp\lj_vmevent-3f5880.o
LOAD C:\Users\Mad-P\AppData\Local\Temp\lj_vmmath-338e6d.o
LOAD C:\Users\Mad-P\AppData\Local\Temp\lib_aux-1f7f70.o
LOAD C:\Users\Mad-P\AppData\Local\Temp\lib_init-70dc7e.o
LOAD bin/liblj_vm.a
LOAD C:\Users\Mad-P\AppData\Local\Temp\lib_base-a9c53a.o
LOAD C:\Users\Mad-P\AppData\Local\Temp\lib_math-70ed43.o
LOAD C:\Users\Mad-P\AppData\Local\Temp\lib_bit-41b831.o
LOAD C:\Users\Mad-P\AppData\Local\Temp\lib_string-16c6ec.o
LOAD C:\Users\Mad-P\AppData\Local\Temp\lib_table-6de2a2.o
LOAD C:\Users\Mad-P\AppData\Local\Temp\lib_io-53e52b.o
LOAD C:\Users\Mad-P\AppData\Local\Temp\lib_os-4d30c1.o
LOAD C:\Users\Mad-P\AppData\Local\Temp\lib_package-546b26.o
LOAD C:\Users\Mad-P\AppData\Local\Temp\lib_debug-49a01c.o
LOAD C:\Users\Mad-P\AppData\Local\Temp\lib_jit-0da9fb.o
LOAD C:\Users\Mad-P\AppData\Local\Temp\lib_ffi-178c62.o
                0x0000000000000340                . = SIZEOF_HEADERS
                0x0000000000001000                . = ALIGN (__section_alignment__)

.text           0x0000000001001000    0x4da00
 *(.init)
 *(.text)
 .text          0x0000000001001000        0x0 C:\Users\Mad-P\AppData\Local\Temp\lj_shim-35ccf9.o
 .text          0x0000000001001000      0x48d C:\Users\Mad-P\AppData\Local\Temp\screen-7a1220.o
                0x0000000001001000                scroll_down
                0x00000000010010a0                update_cursor
                0x00000000010010e0                write_c
                0x0000000001001180                write_char
                0x00000000010011b0                write_str
                0x0000000001001210                write_str_halt
                0x0000000001001230                write_str_n
                0x0000000001001290                write_int
                0x0000000001001390                write_hex
 *fill*         0x000000000100148d        0x3 
 .text          0x0000000001001490      0x117 C:\Users\Mad-P\AppData\Local\Temp\start-edd3e9.o
                0x0000000001001490                start_debug
                0x00000000010014b0                start
 *fill*         0x00000000010015a7        0x9 
 .text          0x00000000010015b0       0x28 C:\Users\Mad-P\AppData\Local\Temp\assert-67d0be.o
                0x00000000010015b0                _assert_f
 *fill*         0x00000000010015d8        0x8 
 .text          0x00000000010015e0       0x33 C:\Users\Mad-P\AppData\Local\Temp\locale-292cfd.o
                0x00000000010015e0                setlocale
 *fill*         0x0000000001001613        0xd 
 .text          0x0000000001001620      0x3d1 C:\Users\Mad-P\AppData\Local\Temp\math-8013eb.o
                0x0000000001001620                floor
                0x0000000001001650                sinh
                0x0000000001001680                cosh
                0x00000000010016b0                tanh
                0x00000000010016e0                ldexp
                0x0000000001001710                pow
                0x0000000001001740                log
                0x0000000001001770                log2
                0x00000000010017a0                log10
                0x00000000010017d0                exp
                0x0000000001001800                sin
                0x0000000001001830                cos
                0x0000000001001860                tan
                0x0000000001001890                asin
                0x00000000010018c0                acos
                0x00000000010018f0                atan
                0x0000000001001920                atan2
                0x0000000001001950                fmod
                0x0000000001001980                frexp
                0x00000000010019c0                modf
 *fill*         0x00000000010019f1        0xf 
 .text          0x0000000001001a00      0x4e8 C:\Users\Mad-P\AppData\Local\Temp\stdio-be3bc4.o
                0x0000000001001a00                fopen
                0x0000000001001a30                fclose
                0x0000000001001a60                fread
                0x0000000001001aa0                fwrite
                0x0000000001001b50                sprintf
                0x0000000001001b80                fputc
                0x0000000001001bb0                fputs
                0x0000000001001bf0                fflush
                0x0000000001001c20                feof
                0x0000000001001c50                ferror
                0x0000000001001c80                putchar
                0x0000000001001cb0                fseek
                0x0000000001001ce0                ftell
                0x0000000001001d10                setvbuf
                0x0000000001001d50                clearerr
                0x0000000001001d80                fgets
                0x0000000001001db0                fscanf
                0x0000000001001de0                getc
                0x0000000001001e10                ungetc
                0x0000000001001e40                tmpfile
                0x0000000001001e60                remove
                0x0000000001001e90                rename
                0x0000000001001ec0                tmpnam
 *fill*         0x0000000001001ee8        0x8 
 .text          0x0000000001001ef0      0x1bb C:\Users\Mad-P\AppData\Local\Temp\stdlib-960e5f.o
                0x0000000001001ef0                exit
                0x0000000001001f20                arg_stub
                0x0000000001001f40                setup_heap
                0x0000000001001f70                realloc
                0x0000000001001ff0                free
                0x0000000001002000                strtoul
                0x0000000001002040                system
                0x0000000001002070                getenv
 *fill*         0x00000000010020ab        0x5 
 .text          0x00000000010020b0      0x40b C:\Users\Mad-P\AppData\Local\Temp\string-bb5499.o
                0x00000000010020b0                memchr
                0x00000000010020e0                memcmp
                0x0000000001002190                memcpy
                0x0000000001002200                memmove
                0x0000000001002230                memset
                0x0000000001002280                strchr
                0x0000000001002300                strcmp
                0x0000000001002330                strcpy
                0x0000000001002390                strncpy
                0x00000000010023c0                strerror
                0x00000000010023f0                strlen
                0x0000000001002430                strpbrk
                0x0000000001002460                strstr
                0x0000000001002490                strrchr
 *fill*         0x00000000010024bb        0x5 
 .text          0x00000000010024c0      0x160 C:\Users\Mad-P\AppData\Local\Temp\time-b1a71b.o
                0x00000000010024c0                clock
                0x00000000010024f0                time
                0x0000000001002520                gmtime
                0x0000000001002550                localtime
                0x0000000001002580                strftime
                0x00000000010025c0                mktime
                0x00000000010025f0                difftime
 .text          0x0000000001002620        0x0 C:\Users\Mad-P\AppData\Local\Temp\lj_alloc-65fc53.o
 .text          0x0000000001002620     0x9806 C:\Users\Mad-P\AppData\Local\Temp\lj_api-e6d69c.o
                0x0000000001002620                lua_status
                0x0000000001002640                lua_checkstack
                0x0000000001002700                luaL_checkstack
                0x0000000001002750                lua_xmove
                0x0000000001002950                lua_gettop
                0x0000000001002980                lua_settop
                0x0000000001002b10                lua_remove
                0x0000000001002db0                lua_insert
                0x0000000001003000                lua_replace
                0x0000000001003ac0                lua_pushvalue
                0x0000000001003c00                lua_type
                0x0000000001003d20                luaL_checktype
                0x0000000001003d60                luaL_checkany
                0x0000000001003de0                lua_typename
                0x0000000001003e00                lua_iscfunction
                0x0000000001003ea0                lua_isnumber
                0x0000000001003f60                lua_isstring
                0x0000000001003fc0                lua_isuserdata
                0x0000000001004020                lua_rawequal
                0x0000000001004110                lua_equal
                0x0000000001004460                lua_lessthan
                0x0000000001004690                lua_tonumber
                0x00000000010047d0                luaL_checknumber
                0x0000000001004920                luaL_optnumber
                0x0000000001004a90                lua_tointeger
                0x0000000001004bd0                luaL_checkinteger
                0x0000000001004d10                luaL_optinteger
                0x0000000001004e80                lua_toboolean
                0x0000000001004ec0                lua_tolstring
                0x0000000001005150                luaL_checklstring
                0x00000000010053b0                luaL_optlstring
                0x00000000010056b0                luaL_checkoption
                0x0000000001005790                lua_objlen
                0x0000000001005a30                lua_tocfunction
                0x0000000001005b20                lua_touserdata
                0x0000000001005c10                lua_tothread
                0x0000000001005ca0                lua_topointer
                0x0000000001005cd0                lua_pushnil
                0x0000000001005d30                lua_pushnumber
                0x0000000001005df0                lua_pushinteger
                0x0000000001005e70                lua_pushlstring
                0x0000000001006040                lua_pushstring
                0x0000000001006260                lua_pushvfstring
                0x00000000010062d0                lua_pushfstring
                0x0000000001006340                lua_pushcclosure
                0x0000000001006750                lua_pushboolean
                0x00000000010067d0                lua_pushlightuserdata
                0x0000000001006880                lua_createtable
                0x0000000001006a50                luaL_newmetatable
                0x0000000001007060                lua_pushthread
                0x00000000010071e0                lua_newthread
                0x00000000010073a0                lua_newuserdata
                0x00000000010075a0                lua_concat
                0x0000000001007940                lua_gettable
                0x0000000001007b20                lua_getfield
                0x0000000001007ee0                lua_rawget
                0x0000000001008070                lua_rawgeti
                0x00000000010082f0                lua_getmetatable
                0x00000000010085b0                luaL_getmetafield
                0x0000000001008780                lua_getfenv
                0x0000000001008df0                lua_next
                0x0000000001008f00                lua_getupvalue
                0x0000000001009060                lua_upvalueid
                0x0000000001009140                lua_upvaluejoin
                0x0000000001009310                luaL_checkudata
                0x00000000010094a0                lua_settable
                0x0000000001009790                lua_setfield
                0x0000000001009c70                lua_rawset
                0x0000000001009f20                lua_rawseti
                0x000000000100a250                lua_setmetatable
                0x000000000100a7d0                lua_setfenv
                0x000000000100ab50                lua_setupvalue
                0x000000000100ae30                lua_call
                0x000000000100b040                lua_pcall
                0x000000000100b1f0                lua_cpcall
                0x000000000100b520                luaL_callmeta
                0x000000000100b6b0                lua_yield
                0x000000000100b970                lua_resume
                0x000000000100bbc0                lua_gc
                0x000000000100bdb0                lua_getallocf
                0x000000000100bdf0                lua_setallocf
 *fill*         0x000000000100be26        0x2 
 .text          0x000000000100be28        0x0 C:\Users\Mad-P\AppData\Local\Temp\lj_asm-37b371.o
 .text          0x000000000100be28        0x0 C:\Users\Mad-P\AppData\Local\Temp\lj_bc-3f3c18.o
 *fill*         0x000000000100be28        0x8 
 .text          0x000000000100be30     0x21c5 C:\Users\Mad-P\AppData\Local\Temp\lj_bcread-e0d03a.o
                0x000000000100be30                lj_bcread_proto
                0x000000000100cbd0                lj_bcread
 *fill*         0x000000000100dff5        0xb 
 .text          0x000000000100e000     0x1416 C:\Users\Mad-P\AppData\Local\Temp\lj_bcwrite-4f7308.o
                0x000000000100e000                lj_bcwrite
 *fill*         0x000000000100f416        0xa 
 .text          0x000000000100f420     0x1051 C:\Users\Mad-P\AppData\Local\Temp\lj_buf-856ecb.o
                0x000000000100f420                lj_buf_need2
                0x000000000100f5a0                lj_buf_more2
                0x000000000100f670                lj_buf_shrink
                0x000000000100f730                lj_buf_tmp
                0x000000000100f7d0                lj_buf_putmem
                0x000000000100f8a0                lj_buf_putchar
                0x000000000100f940                lj_buf_putstr
                0x000000000100fa20                lj_buf_putstr_reverse
                0x000000000100fb10                lj_buf_putstr_lower
                0x000000000100fc20                lj_buf_putstr_upper
                0x000000000100fd30                lj_buf_putstr_rep
                0x000000000100fee0                lj_buf_puttab
                0x00000000010102e0                lj_buf_tostr
                0x0000000001010320                lj_buf_cat2str
                0x00000000010103c0                lj_buf_ruleb128
 *fill*         0x0000000001010471        0x3 
 .text          0x0000000001010474        0x0 C:\Users\Mad-P\AppData\Local\Temp\lj_carith-cbcec4.o
 .text          0x0000000001010474        0x0 C:\Users\Mad-P\AppData\Local\Temp\lj_ccall-0e422e.o
 .text          0x0000000001010474        0x0 C:\Users\Mad-P\AppData\Local\Temp\lj_ccallback-3c332d.o
 .text          0x0000000001010474        0x0 C:\Users\Mad-P\AppData\Local\Temp\lj_cconv-308b5a.o
 .text          0x0000000001010474        0x0 C:\Users\Mad-P\AppData\Local\Temp\lj_cdata-8fe54b.o
 .text          0x0000000001010474        0x0 C:\Users\Mad-P\AppData\Local\Temp\lj_char-e9bcb0.o
 .text          0x0000000001010474        0x0 C:\Users\Mad-P\AppData\Local\Temp\lj_clib-95bcb6.o
 .text          0x0000000001010474        0x0 C:\Users\Mad-P\AppData\Local\Temp\lj_cparse-6254a9.o
 .text          0x0000000001010474        0x0 C:\Users\Mad-P\AppData\Local\Temp\lj_crecord-48ed97.o
 .text          0x0000000001010474        0x0 C:\Users\Mad-P\AppData\Local\Temp\lj_ctype-24c9c1.o
 *fill*         0x0000000001010474        0xc 
 .text          0x0000000001010480     0x2cae C:\Users\Mad-P\AppData\Local\Temp\lj_debug-a538de.o
                0x0000000001010480                lj_debug_frame
                0x00000000010105d0                lj_debug_line
                0x00000000010106d0                lj_debug_uvname
                0x00000000010107a0                lj_debug_uvnamev
                0x00000000010108f0                lj_debug_slotname
                0x0000000001010ed0                lj_debug_funcname
                0x0000000001011430                lj_debug_shortname
                0x0000000001011660                lj_debug_addloc
                0x0000000001011830                lj_debug_pushloc
                0x0000000001011a00                lua_getlocal
                0x0000000001011f30                lua_setlocal
                0x0000000001012060                lj_debug_getinfo
                0x0000000001012cc0                lua_getinfo
                0x0000000001012cf0                lua_getstack
                0x0000000001012d80                luaL_traceback
 *fill*         0x000000000101312e        0x2 
 .text          0x0000000001013130     0x10ea C:\Users\Mad-P\AppData\Local\Temp\lj_dispatch-37e82f.o
                0x0000000001013130                lj_dispatch_init
                0x00000000010132c0                lj_dispatch_update
                0x00000000010137b0                luaJIT_setmode
                0x0000000001013990                luaJIT_version_2_1_0_beta2
                0x00000000010139a0                lua_sethook
                0x0000000001013a50                lua_gethook
                0x0000000001013a70                lua_gethookmask
                0x0000000001013a90                lua_gethookcount
                0x0000000001013ab0                lj_dispatch_ins
                0x0000000001013f70                lj_dispatch_call
 *fill*         0x000000000101421a        0x6 
 .text          0x0000000001014220     0x19ca C:\Users\Mad-P\AppData\Local\Temp\lj_err-bc9216.o
                0x0000000001014220                lj_err_throw
                0x0000000001014640                lj_err_str
                0x00000000010146a0                lj_err_mem
                0x0000000001014810                lj_err_run
                0x0000000001014ef0                lj_err_msg
                0x0000000001015010                lj_err_lex
                0x00000000010150d0                lj_err_optype
                0x0000000001015250                lj_err_comp
                0x0000000001015330                lj_err_optype_call
                0x0000000001015440                lj_err_callermsg
                0x0000000001015510                lj_err_callerv
                0x0000000001015550                lj_err_caller
                0x0000000001015580                lj_err_argv
                0x00000000010156e0                lj_err_arg
                0x0000000001015710                lj_err_argtype
                0x0000000001015900                lj_err_argt
                0x0000000001015930                lua_atpanic
                0x0000000001015970                lua_error
                0x0000000001015990                luaL_argerror
                0x00000000010159c0                luaL_typerror
                0x00000000010159f0                luaL_where
                0x0000000001015a80                luaL_error
 *fill*         0x0000000001015bea        0x2 
 .text          0x0000000001015bec        0x0 C:\Users\Mad-P\AppData\Local\Temp\lj_ffrecord-c8ed53.o
 *fill*         0x0000000001015bec        0x4 
 .text          0x0000000001015bf0      0x9d1 C:\Users\Mad-P\AppData\Local\Temp\lj_func-aec8b7.o
                0x0000000001015bf0                lj_func_freeproto
                0x0000000001015c70                lj_func_closeuv
                0x0000000001015dd0                lj_func_freeuv
                0x0000000001015ef0                lj_func_newC
                0x0000000001015f70                lj_func_newL_empty
                0x0000000001016150                lj_func_newL_gc
                0x0000000001016510                lj_func_free
 *fill*         0x00000000010165c1        0xf 
 .text          0x00000000010165d0     0x38a4 C:\Users\Mad-P\AppData\Local\Temp\lj_gc-c4cab6.o
                0x00000000010165d0                lj_gc_separateudata
                0x0000000001016840                lj_gc_finalize_udata
                0x0000000001016a60                lj_gc_freeall
                0x0000000001016cf0                lj_gc_step
                0x00000000010171c0                lj_gc_step_fixtop
                0x0000000001017280                lj_gc_fullgc
                0x0000000001017400                lj_gc_barrierf
                0x0000000001017960                lj_gc_barrieruv
                0x0000000001017a30                lj_gc_closeuv
                0x0000000001017ce0                lj_mem_realloc
                0x0000000001017e00                lj_mem_newgco
                0x0000000001017ee0                lj_mem_grow
 .text          0x0000000001019e74        0x0 C:\Users\Mad-P\AppData\Local\Temp\lj_gdbjit-d95f99.o
 .text          0x0000000001019e74        0x0 C:\Users\Mad-P\AppData\Local\Temp\lj_ir-e7a937.o
 *fill*         0x0000000001019e74        0xc 
 .text          0x0000000001019e80     0x41a2 C:\Users\Mad-P\AppData\Local\Temp\lj_lex-80c56a.o
                0x0000000001019e80                lj_lex_setup
                0x000000000101a450                lj_lex_cleanup
                0x000000000101a5f0                lj_lex_next
                0x000000000101b690                lj_lex_lookahead
                0x000000000101b6f0                lj_lex_token2str
                0x000000000101b7a0                lj_lex_error
                0x000000000101b8f0                lj_lex_init
 *fill*         0x000000000101e022        0xe 
 .text          0x000000000101e030     0x23bb C:\Users\Mad-P\AppData\Local\Temp\lj_lib-3aa597.o
                0x000000000101e030                lj_lib_register
                0x000000000101f4c0                lj_lib_pushcc
                0x000000000101f560                lj_lib_prereg
                0x000000000101f630                lj_lib_postreg
                0x000000000101faf0                lj_lib_checkany
                0x000000000101fb50                lj_lib_checkstr
                0x000000000101fd70                lj_lib_optstr
                0x000000000101fdf0                lj_lib_checknum
                0x000000000101fef0                lj_lib_checkint
                0x0000000001020030                lj_lib_optint
                0x00000000010200a0                lj_lib_checkfunc
                0x0000000001020150                lj_lib_checktab
                0x0000000001020200                lj_lib_checktabornil
                0x00000000010202e0                lj_lib_checkopt
 *fill*         0x00000000010203eb        0x5 
 .text          0x00000000010203f0      0xc2e C:\Users\Mad-P\AppData\Local\Temp\lj_load-436d62.o
                0x00000000010203f0                lua_loadx
                0x0000000001020920                lua_load
                0x0000000001020960                luaL_loadfilex
                0x0000000001020d20                luaL_loadfile
                0x0000000001020d50                luaL_loadbufferx
                0x0000000001020e10                luaL_loadbuffer
                0x0000000001020e50                luaL_loadstring
                0x0000000001020ea0                lua_dump
 *fill*         0x000000000102101e        0x2 
 .text          0x0000000001021020        0x0 C:\Users\Mad-P\AppData\Local\Temp\lj_mcode-cd2133.o
 .text          0x0000000001021020     0x2dd0 C:\Users\Mad-P\AppData\Local\Temp\lj_meta-7a4a33.o
                0x0000000001021020                lj_meta_init
                0x0000000001021120                lj_meta_cache
                0x00000000010211c0                lj_meta_lookup
                0x0000000001021380                lj_meta_tget
                0x0000000001021940                lj_meta_tset
                0x0000000001021fc0                lj_meta_arith
                0x0000000001022220                lj_meta_cat
                0x0000000001022da0                lj_meta_len
                0x0000000001022e60                lj_meta_equal
                0x00000000010234e0                lj_meta_comp
                0x0000000001023780                lj_meta_istype
                0x00000000010238b0                lj_meta_call
                0x0000000001023bb0                lj_meta_for
 .text          0x0000000001023df0      0x2a0 C:\Users\Mad-P\AppData\Local\Temp\lj_obj-f2ff0e.o
                0x0000000001023df0                lj_obj_equal
                0x0000000001023f60                lj_obj_ptr
 .text          0x0000000001024090        0x0 C:\Users\Mad-P\AppData\Local\Temp\lj_opt_dce-a06b3d.o
 .text          0x0000000001024090        0x0 C:\Users\Mad-P\AppData\Local\Temp\lj_opt_fold-2ba073.o
 .text          0x0000000001024090        0x0 C:\Users\Mad-P\AppData\Local\Temp\lj_opt_loop-c5e4a7.o
 .text          0x0000000001024090        0x0 C:\Users\Mad-P\AppData\Local\Temp\lj_opt_mem-5dbb2a.o
 .text          0x0000000001024090        0x0 C:\Users\Mad-P\AppData\Local\Temp\lj_opt_narrow-0b5799.o
 .text          0x0000000001024090        0x0 C:\Users\Mad-P\AppData\Local\Temp\lj_opt_sink-bd702e.o
 .text          0x0000000001024090        0x0 C:\Users\Mad-P\AppData\Local\Temp\lj_opt_split-3503a3.o
 .text          0x0000000001024090     0x9467 C:\Users\Mad-P\AppData\Local\Temp\lj_parse-63e274.o
                0x0000000001024090                lj_parse_keepstr
                0x0000000001024150                lj_parse
 *fill*         0x000000000102d4f7        0x1 
 .text          0x000000000102d4f8        0x0 C:\Users\Mad-P\AppData\Local\Temp\lj_profile-6f7900.o
 .text          0x000000000102d4f8        0x0 C:\Users\Mad-P\AppData\Local\Temp\lj_record-dddcc6.o
 .text          0x000000000102d4f8        0x0 C:\Users\Mad-P\AppData\Local\Temp\lj_snap-d0df82.o
 *fill*         0x000000000102d4f8        0x8 
 .text          0x000000000102d500     0x10a7 C:\Users\Mad-P\AppData\Local\Temp\lj_state-e527fc.o
                0x000000000102d500                lj_state_relimitstack
                0x000000000102d780                lj_state_shrinkstack
                0x000000000102d820                lj_state_growstack
                0x000000000102d8f0                lj_state_growstack1
                0x000000000102d910                lua_newstate
                0x000000000102e020                lua_close
                0x000000000102e190                lj_state_new
                0x000000000102e450                lj_state_free
 *fill*         0x000000000102e5a7        0x9 
 .text          0x000000000102e5b0      0xc49 C:\Users\Mad-P\AppData\Local\Temp\lj_str-5e69de.o
                0x000000000102e5b0                lj_str_cmp
                0x000000000102e700                lj_str_find
                0x000000000102e810                lj_str_haspattern
                0x000000000102e8c0                lj_str_resize
                0x000000000102ea90                lj_str_new
                0x000000000102f170                lj_str_free
 *fill*         0x000000000102f1f9        0x7 
 .text          0x000000000102f200     0x2327 C:\Users\Mad-P\AppData\Local\Temp\lj_strfmt-bc2bb5.o
                0x000000000102f200                lj_strfmt_parse
                0x000000000102f5a0                lj_strfmt_wint
                0x000000000102f860                lj_strfmt_wptr
                0x000000000102f9a0                lj_strfmt_wuleb128
                0x000000000102fa00                lj_strfmt_wstrnum
                0x000000000102fb70                lj_strfmt_putint
                0x000000000102fc00                lj_strfmt_putptr
                0x000000000102fc90                lj_strfmt_putquoted
                0x0000000001030030                lj_strfmt_putfchar
                0x0000000001030180                lj_strfmt_putfstr
                0x0000000001030380                lj_strfmt_putfxint
                0x0000000001030920                lj_strfmt_putfnum_int
                0x00000000010309a0                lj_strfmt_putfnum_uint
                0x0000000001030a10                lj_strfmt_int
                0x0000000001030a60                lj_strfmt_number
                0x0000000001030a90                lj_strfmt_obj
                0x0000000001030e60                lj_strfmt_pushvf
                0x0000000001031500                lj_strfmt_pushf
 *fill*         0x0000000001031527        0x9 
 .text          0x0000000001031530     0x27d5 C:\Users\Mad-P\AppData\Local\Temp\lj_strfmt_num-4324f1.o
                0x0000000001031530                lj_strfmt_putfnum
                0x00000000010331d0                lj_strfmt_num
 *fill*         0x0000000001033d05        0xb 
 .text          0x0000000001033d10     0x2150 C:\Users\Mad-P\AppData\Local\Temp\lj_strscan-b51874.o
                0x0000000001033d10                lj_strscan_scan
                0x0000000001035c50                lj_strscan_num
 .text          0x0000000001035e60     0x33ed C:\Users\Mad-P\AppData\Local\Temp\lj_tab-936da9.o
                0x0000000001035e60                lj_tab_new
                0x0000000001036210                lj_tab_new_ah
                0x00000000010362c0                lj_tab_dup
                0x0000000001036620                lj_tab_clear
                0x0000000001036760                lj_tab_free
                0x0000000001036970                lj_tab_resize
                0x0000000001037260                lj_tab_setinth
                0x0000000001037390                lj_tab_set
                0x00000000010375c0                lj_tab_reasize
                0x0000000001037640                lj_tab_getinth
                0x0000000001037760                lj_tab_getstr
                0x0000000001037840                lj_tab_get
                0x0000000001037da0                lj_tab_newkey
                0x0000000001038410                lj_tab_setstr
                0x0000000001038650                lj_tab_next
                0x0000000001038ba0                lj_tab_len
 *fill*         0x000000000103924d        0x3 
 .text          0x0000000001039250        0x0 C:\Users\Mad-P\AppData\Local\Temp\lj_trace-60ed3d.o
 .text          0x0000000001039250      0x148 C:\Users\Mad-P\AppData\Local\Temp\lj_udata-839ae3.o
                0x0000000001039250                lj_udata_new
                0x0000000001039320                lj_udata_free
 *fill*         0x0000000001039398        0x8 
 .text          0x00000000010393a0      0x626 C:\Users\Mad-P\AppData\Local\Temp\lj_vmevent-3f5880.o
                0x00000000010393a0                lj_vmevent_prepare
                0x0000000001039800                lj_vmevent_call
 *fill*         0x00000000010399c6        0xa 
 .text          0x00000000010399d0      0x130 C:\Users\Mad-P\AppData\Local\Temp\lj_vmmath-338e6d.o
                0x00000000010399d0                lj_vm_foldarith
 .text          0x0000000001039b00      0xd92 C:\Users\Mad-P\AppData\Local\Temp\lib_aux-1f7f70.o
                0x0000000001039b00                luaL_fileresult
                0x0000000001039c20                luaL_execresult
                0x0000000001039cf0                luaL_findtable
                0x0000000001039e90                luaL_openlib
                0x000000000103a070                luaL_register
                0x000000000103a0a0                luaL_gsub
                0x000000000103a180                luaL_buffinit
                0x000000000103a1c0                luaL_addlstring
                0x000000000103a260                luaL_addstring
                0x000000000103a2b0                luaL_pushresult
                0x000000000103a2f0                luaL_prepbuffer
                0x000000000103a490                luaL_addvalue
                0x000000000103a570                luaL_ref
                0x000000000103a680                luaL_unref
                0x000000000103a720                luaL_newstate
 *fill*         0x000000000103a892        0xe 
 .text          0x000000000103a8a0       0xf5 C:\Users\Mad-P\AppData\Local\Temp\lib_init-70dc7e.o
                0x000000000103a8a0                luaL_openlibs
 *fill*         0x000000000103a995        0xb 
 .text          0x000000000103a9a0     0x3a30 bin/liblj_vm.a
                0x000000000103a9a0                lj_vm_asm_begin
                0x000000000103a9a0                lj_BC_ISLT
                0x000000000103a9fc                lj_BC_ISGE
                0x000000000103aa58                lj_BC_ISLE
                0x000000000103aab4                lj_BC_ISGT
                0x000000000103ab10                lj_BC_ISEQV
                0x000000000103ab93                lj_BC_ISNEV
                0x000000000103ac19                lj_BC_ISEQS
                0x000000000103ac5e                lj_BC_ISNES
                0x000000000103aca3                lj_BC_ISEQN
                0x000000000103ace6                lj_BC_ISNEN
                0x000000000103ad29                lj_BC_ISEQP
                0x000000000103ad5b                lj_BC_ISNEP
                0x000000000103ad8d                lj_BC_ISTC
                0x000000000103adc5                lj_BC_ISFC
                0x000000000103adfd                lj_BC_IST
                0x000000000103ae2e                lj_BC_ISF
                0x000000000103ae5f                lj_BC_ISTYPE
                0x000000000103ae82                lj_BC_ISNUM
                0x000000000103aea7                lj_BC_MOV
                0x000000000103aec2                lj_BC_NOT
                0x000000000103aef4                lj_BC_UNM
                0x000000000103af2d                lj_BC_LEN
                0x000000000103af88                lj_BC_ADDVN
                0x000000000103afc3                lj_BC_SUBVN
                0x000000000103affe                lj_BC_MULVN
                0x000000000103b039                lj_BC_DIVVN
                0x000000000103b074                lj_BC_MODVN
                0x000000000103b0b4                lj_BC_ADDNV
                0x000000000103b0ef                lj_BC_SUBNV
                0x000000000103b12a                lj_BC_MULNV
                0x000000000103b165                lj_BC_DIVNV
                0x000000000103b1a0                lj_BC_MODNV
                0x000000000103b1c8                lj_BC_ADDVV
                0x000000000103b214                lj_BC_SUBVV
                0x000000000103b260                lj_BC_MULVV
                0x000000000103b2ac                lj_BC_DIVVV
                0x000000000103b2f8                lj_BC_MODVV
                0x000000000103b331                lj_BC_POW
                0x000000000103b38c                lj_BC_CAT
                0x000000000103b3e0                lj_BC_KSTR
                0x000000000103b40b                lj_BC_KSHORT
                0x000000000103b42a                lj_BC_KNUM
                0x000000000103b448                lj_BC_KPRI
                0x000000000103b466                lj_BC_KNIL
                0x000000000103b499                lj_BC_UGET
                0x000000000103b4c9                lj_BC_USETV
                0x000000000103b539                lj_BC_USETS
                0x000000000103b5a1                lj_BC_USETN
                0x000000000103b5d3                lj_BC_USETP
                0x000000000103b605                lj_BC_UCLO
                0x000000000103b640                lj_BC_FNEW
                0x000000000103b695                lj_BC_TNEW
                0x000000000103b70f                lj_BC_TDUP
                0x000000000103b779                lj_BC_GGET
                0x000000000103b795                lj_BC_GSET
                0x000000000103b7b1                lj_BC_TGETV
                0x000000000103b856                lj_BC_TGETS
                0x000000000103b8e8                lj_BC_TGETB
                0x000000000103b951                lj_BC_TGETR
                0x000000000103b992                lj_BC_TSETV
                0x000000000103ba55                lj_BC_TSETS
                0x000000000103bb51                lj_BC_TSETB
                0x000000000103bbd8                lj_BC_TSETM
                0x000000000103bc7a                lj_BC_TSETR
                0x000000000103bcd9                lj_BC_CALLM
                0x000000000103bd19                lj_BC_CALL
                0x000000000103bd56                lj_BC_CALLMT
                0x000000000103bd59                lj_BC_CALLT
                0x000000000103be17                lj_BC_ITERC
                0x000000000103be6c                lj_BC_ITERN
                0x000000000103bf09                lj_BC_VARG
                0x000000000103bfda                lj_BC_ISNEXT
                0x000000000103c04c                lj_BC_RETM
                0x000000000103c04f                lj_BC_RET
                0x000000000103c0e5                lj_BC_RET0
                0x000000000103c150                lj_BC_RET1
                0x000000000103c1c9                lj_BC_FORI
                0x000000000103c23c                lj_BC_FORL
                0x000000000103c2ab                lj_BC_ITERL
                0x000000000103c2d7                lj_BC_LOOP
                0x000000000103c2ea                lj_BC_JMP
                0x000000000103c305                lj_BC_IFUNCF
                0x000000000103c305                lj_BC_FUNCF
                0x000000000103c349                lj_BC_JFUNCF
                0x000000000103c349                lj_BC_IFUNCV
                0x000000000103c349                lj_BC_FUNCV
                0x000000000103c3d0                lj_BC_JFUNCV
                0x000000000103c3d0                lj_BC_FUNCC
                0x000000000103c43e                lj_BC_FUNCCW
                0x000000000103c4b0                lj_vm_returnp
                0x000000000103c4da                lj_vm_returnc
                0x000000000103c4f3                lj_vm_return
                0x000000000103c546                lj_vm_leave_cp
                0x000000000103c551                lj_vm_leave_unw
                0x000000000103c59d                lj_vm_unwind_yield
                0x000000000103c5a1                lj_vm_unwind_c
                0x000000000103c5a6                lj_vm_unwind_c_eh
                0x000000000103c5bb                lj_vm_unwind_rethrow
                0x000000000103c5d5                lj_vm_unwind_ff
                0x000000000103c5dc                lj_vm_unwind_ff_eh
                0x000000000103c625                lj_vm_growstack_c
                0x000000000103c62c                lj_vm_growstack_v
                0x000000000103c632                lj_vm_growstack_f
                0x000000000103c688                lj_vm_resume
                0x000000000103c718                lj_vm_pcall
                0x000000000103c731                lj_vm_call
                0x000000000103c799                lj_vm_call_dispatch
                0x000000000103c7b6                lj_vm_call_dispatch_f
                0x000000000103c7d1                lj_vm_cpcall
                0x000000000103c838                lj_cont_dispatch
                0x000000000103c86f                lj_cont_cat
                0x000000000103c8a4                lj_vmeta_tgets
                0x000000000103c8d9                lj_vmeta_tgetb
                0x000000000103c8ec                lj_vmeta_tgetv
                0x000000000103c921                lj_cont_ra
                0x000000000103c964                lj_vmeta_tgetr
                0x000000000103c98d                lj_vmeta_tsets
                0x000000000103c9c2                lj_vmeta_tsetb
                0x000000000103c9d5                lj_vmeta_tsetv
                0x000000000103ca15                lj_cont_nop
                0x000000000103ca59                lj_vmeta_tsetr
                0x000000000103ca80                lj_vmeta_comp
                0x000000000103cadd                lj_cont_condt
                0x000000000103caf0                lj_cont_condf
                0x000000000103cafd                lj_vmeta_equal
                0x000000000103cb29                lj_vmeta_equal_cd
                0x000000000103cb29                lj_vmeta_istype
                0x000000000103cb49                lj_vmeta_arith_vn
                0x000000000103cb49                lj_vmeta_arith_vno
                0x000000000103cb4f                lj_vmeta_arith_nv
                0x000000000103cb4f                lj_vmeta_arith_nvo
                0x000000000103cb5c                lj_vmeta_unm
                0x000000000103cb65                lj_vmeta_arith_vv
                0x000000000103cb65                lj_vmeta_arith_vvo
                0x000000000103cba2                lj_vmeta_binop
                0x000000000103cbba                lj_vmeta_len
                0x000000000103cbde                lj_vmeta_call_ra
                0x000000000103cbe3                lj_vmeta_call
                0x000000000103cc47                lj_vmeta_for
                0x000000000103cc78                lj_ff_assert
                0x000000000103ccc3                lj_ff_type
                0x000000000103cd0a                lj_ff_getmetatable
                0x000000000103cdbf                lj_ff_setmetatable
                0x000000000103ce3c                lj_ff_rawget
                0x000000000103ce85                lj_ff_tonumber
                0x000000000103ceaf                lj_ff_tostring
                0x000000000103cf2b                lj_ff_next
                0x000000000103cf8c                lj_fff_res2
                0x000000000103cfad                lj_ff_pairs
                0x000000000103d00f                lj_ff_ipairs_aux
                0x000000000103d0a5                lj_fff_res0
                0x000000000103d0af                lj_ff_ipairs
                0x000000000103d111                lj_ff_pcall
                0x000000000103d151                lj_ff_xpcall
                0x000000000103d187                lj_ff_coroutine_resume
                0x000000000103d30a                lj_ff_coroutine_wrap_aux
                0x000000000103d44a                lj_ff_coroutine_yield
                0x000000000103d47a                lj_ff_math_abs
                0x000000000103d4a7                lj_ff_math_sqrt
                0x000000000103d4c5                lj_fff_resxmm0
                0x000000000103d4ce                lj_fff_res1
                0x000000000103d4d3                lj_fff_res
                0x000000000103d4d6                lj_fff_res_
                0x000000000103d51d                lj_ff_math_floor
                0x000000000103d539                lj_ff_math_ceil
                0x000000000103d558                lj_ff_math_log
                0x000000000103d586                lj_ff_math_log10
                0x000000000103d5b4                lj_ff_math_exp
                0x000000000103d5e2                lj_ff_math_sin
                0x000000000103d610                lj_ff_math_cos
                0x000000000103d63e                lj_ff_math_tan
                0x000000000103d66c                lj_ff_math_asin
                0x000000000103d69a                lj_ff_math_acos
                0x000000000103d6c8                lj_ff_math_atan
                0x000000000103d6f6                lj_ff_math_sinh
                0x000000000103d724                lj_ff_math_cosh
                0x000000000103d752                lj_ff_math_tanh
                0x000000000103d780                lj_ff_math_pow
                0x000000000103d7c5                lj_ff_math_atan2
                0x000000000103d80a                lj_ff_math_fmod
                0x000000000103d84f                lj_ff_math_ldexp
                0x000000000103d890                lj_ff_math_frexp
                0x000000000103d8dc                lj_ff_math_modf
                0x000000000103d91c                lj_ff_math_min
                0x000000000103d960                lj_ff_math_max
                0x000000000103d9a4                lj_ff_string_byte
                0x000000000103d9e4                lj_ff_string_char
                0x000000000103da30                lj_fff_newstr
                0x000000000103da4c                lj_fff_resstr
                0x000000000103da6a                lj_ff_string_sub
                0x000000000103db18                lj_fff_emptystr
                0x000000000103db1d                lj_ff_string_reverse
                0x000000000103db89                lj_ff_string_lower
                0x000000000103dbf5                lj_ff_string_upper
                0x000000000103dc61                lj_ff_bit_tobit
                0x000000000103dc9b                lj_ff_bit_band
                0x000000000103dd06                lj_ff_bit_bor
                0x000000000103dd71                lj_ff_bit_bxor
                0x000000000103dddc                lj_ff_bit_bswap
                0x000000000103de15                lj_ff_bit_bnot
                0x000000000103de4c                lj_fff_resbit
                0x000000000103de55                lj_fff_fallback_bit_op
                0x000000000103de5d                lj_ff_bit_lshift
                0x000000000103deb5                lj_ff_bit_rshift
                0x000000000103df10                lj_ff_bit_arshift
                0x000000000103df6b                lj_ff_bit_rol
                0x000000000103dfc6                lj_ff_bit_ror
                0x000000000103e015                lj_fff_fallback_2
                0x000000000103e01c                lj_fff_fallback_1
                0x000000000103e021                lj_fff_fallback
                0x000000000103e098                lj_vm_call_tail
                0x000000000103e0d8                lj_fff_gcstep
                0x000000000103e113                lj_vm_record
                0x000000000103e113                lj_vm_rethook
                0x000000000103e121                lj_vm_inshook
                0x000000000103e16a                lj_cont_hook
                0x000000000103e177                lj_vm_hotloop
                0x000000000103e177                lj_vm_callhook
                0x000000000103e17c                lj_vm_hotcall
                0x000000000103e1bf                lj_vm_floor_sse
                0x000000000103e1bf                lj_vm_floor
                0x000000000103e1bf                lj_vm_exit_interp
                0x000000000103e1bf                lj_vm_profhook
                0x000000000103e1bf                lj_vm_exit_handler
                0x000000000103e1bf                lj_cont_stitch
                0x000000000103e21a                lj_vm_ceil_sse
                0x000000000103e21a                lj_vm_ceil
                0x000000000103e275                lj_vm_trunc_sse
                0x000000000103e275                lj_vm_trunc
                0x000000000103e2d3                lj_vm_mod
                0x000000000103e349                lj_vm_powi_sse
                0x000000000103e3ab                lj_vm_cpuid
                0x000000000103e3bf                lj_assert_bad_for_arg_type
                0x000000000103e3c1                lj_vm_ffi_callback
                0x000000000103e3c1                lj_vm_ffi_call
                0x000000000103e3c1                lj_cont_ffi_callback
 .text          0x000000000103e3d0     0x35b0 C:\Users\Mad-P\AppData\Local\Temp\lib_base-a9c53a.o
                0x000000000103e3d0                lj_ffh_coroutine_wrap_err
                0x000000000103e560                luaopen_base
 .text          0x0000000001041980      0x702 C:\Users\Mad-P\AppData\Local\Temp\lib_math-70ed43.o
                0x0000000001041980                lj_math_random_step
                0x0000000001041ad0                luaopen_math
 *fill*         0x0000000001042082        0xe 
 .text          0x0000000001042090      0x5eb C:\Users\Mad-P\AppData\Local\Temp\lib_bit-41b831.o
                0x0000000001042090                luaopen_bit
 *fill*         0x000000000104267b        0x5 
 .text          0x0000000001042680     0x3513 C:\Users\Mad-P\AppData\Local\Temp\lib_string-16c6ec.o
                0x0000000001042680                luaopen_string
 *fill*         0x0000000001045b93        0xd 
 .text          0x0000000001045ba0     0x11da C:\Users\Mad-P\AppData\Local\Temp\lib_table-6de2a2.o
                0x0000000001045ba0                luaopen_table
 *fill*         0x0000000001046d7a        0x6 
 .text          0x0000000001046d80     0x2557 C:\Users\Mad-P\AppData\Local\Temp\lib_io-53e52b.o
                0x0000000001046d80                luaopen_io
 *fill*         0x00000000010492d7        0x9 
 .text          0x00000000010492e0      0xfb6 C:\Users\Mad-P\AppData\Local\Temp\lib_os-4d30c1.o
                0x00000000010492e0                luaopen_os
 *fill*         0x000000000104a296        0xa 
 .text          0x000000000104a2a0     0x1740 C:\Users\Mad-P\AppData\Local\Temp\lib_package-546b26.o
                0x000000000104a2a0                luaopen_package
 .text          0x000000000104b9e0     0x17d3 C:\Users\Mad-P\AppData\Local\Temp\lib_debug-49a01c.o
                0x000000000104b9e0                luaopen_debug
 *fill*         0x000000000104d1b3        0xd 
 .text          0x000000000104d1c0     0x1660 C:\Users\Mad-P\AppData\Local\Temp\lib_jit-0da9fb.o
                0x000000000104d1c0                luaopen_jit
 .text          0x000000000104e820        0x0 C:\Users\Mad-P\AppData\Local\Temp\lib_ffi-178c62.o
 *(SORT(.text$*))
 *(.text.*)
 *(.gnu.linkonce.t.*)
 *(.glue_7t)
 *(.glue_7)
                0x000000000104e820                . = ALIGN (0x8)
                0x000000000104e820                ___CTOR_LIST__ = .
                0x000000000104e820                __CTOR_LIST__ = .
                0x000000000104e820        0x4 LONG 0xffffffffffffffff
                0x000000000104e824        0x4 LONG 0xffffffffffffffff
 *(.ctors)
 *(.ctor)
 *(SORT(.ctors.*))
                0x000000000104e828        0x4 LONG 0x0
                0x000000000104e82c        0x4 LONG 0x0
                0x000000000104e830                ___DTOR_LIST__ = .
                0x000000000104e830                __DTOR_LIST__ = .
                0x000000000104e830        0x4 LONG 0xffffffffffffffff
                0x000000000104e834        0x4 LONG 0xffffffffffffffff
 *(.dtors)
 *(.dtor)
 *(SORT(.dtors.*))
                0x000000000104e838        0x4 LONG 0x0
                0x000000000104e83c        0x4 LONG 0x0
 *(.fini)
 *(.gcc_exc)
                [!provide]                        PROVIDE (etext, .)
 *(.gcc_except_table)

.data           0x000000000104f000      0x200
                0x000000000104f000                __data_start__ = .
 *(.data)
 .data          0x000000000104f000        0x8 C:\Users\Mad-P\AppData\Local\Temp\screen-7a1220.o
                0x000000000104f000                video_memory
 .data          0x000000000104f008        0x8 C:\Users\Mad-P\AppData\Local\Temp\start-edd3e9.o
                0x000000000104f008                kernel_info_table
 .data          0x000000000104f010       0x18 C:\Users\Mad-P\AppData\Local\Temp\stdio-be3bc4.o
                0x000000000104f010                stdin
                0x000000000104f018                stdout
                0x000000000104f020                stderr
 .data          0x000000000104f028        0x8 C:\Users\Mad-P\AppData\Local\Temp\lj_err-bc9216.o
                0x000000000104f028                lj_err_allmsg
 .data          0x000000000104f030       0x2c C:\Users\Mad-P\AppData\Local\Temp\lj_strfmt_num-4324f1.o
 *fill*         0x000000000104f05c        0x4 
 .data          0x000000000104f060        0x0 bin/liblj_vm.a
 *(.data2)
 *(SORT(.data$*))
 *(.jcr)
                0x000000000104f060                __data_end__ = .
 *(.data_cygwin_nocopy)

.rdata          0x0000000001050000      0x200
 *(.rdata)
 *(SORT(.rdata$*))
 .rdata$zzz     0x0000000001050000       0x10 bin/liblj_vm.a
                0x0000000001050010                __rt_psrelocs_start = .
 *(.rdata_runtime_pseudo_reloc)
                0x0000000001050010                __rt_psrelocs_end = .
                0x0000000000000000                __rt_psrelocs_size = (__rt_psrelocs_end - __rt_psrelocs_start)
                0x0000000001050010                ___RUNTIME_PSEUDO_RELOC_LIST_END__ = .
                0x0000000001050010                __RUNTIME_PSEUDO_RELOC_LIST_END__ = .
                0x0000000001050010                ___RUNTIME_PSEUDO_RELOC_LIST__ = (. - __rt_psrelocs_size)
                0x0000000001050010                __RUNTIME_PSEUDO_RELOC_LIST__ = (. - __rt_psrelocs_size)

.rodata         0x0000000001051000     0x3200
 .rodata        0x0000000001051000       0xb0 C:\Users\Mad-P\AppData\Local\Temp\screen-7a1220.o
                0x0000000001051000                TERM_W
                0x0000000001051004                TERM_H
                0x0000000001051010                blankline
 .rodata        0x00000000010510b0       0x50 C:\Users\Mad-P\AppData\Local\Temp\lj_api-e6d69c.o
 .rodata        0x0000000001051100      0x274 C:\Users\Mad-P\AppData\Local\Temp\lj_bc-3f3c18.o
                0x0000000001051100                lj_bc_ofs
                0x0000000001051240                lj_bc_mode
 *fill*         0x0000000001051374        0xc 
 .rodata        0x0000000001051380      0x101 C:\Users\Mad-P\AppData\Local\Temp\lj_char-e9bcb0.o
                0x0000000001051380                lj_char_bits
 *fill*         0x0000000001051481        0x7 
 .rodata        0x0000000001051488      0x18e C:\Users\Mad-P\AppData\Local\Temp\lj_debug-a538de.o
 *fill*         0x0000000001051616        0x2 
 .rodata        0x0000000001051618       0x58 C:\Users\Mad-P\AppData\Local\Temp\lj_dispatch-37e82f.o
 .rodata        0x0000000001051670      0xc0a C:\Users\Mad-P\AppData\Local\Temp\lj_err-bc9216.o
 *fill*         0x000000000105227a        0x6 
 .rodata        0x0000000001052280       0x78 C:\Users\Mad-P\AppData\Local\Temp\lj_gc-c4cab6.o
 *fill*         0x00000000010522f8        0x8 
 .rodata        0x0000000001052300      0x8f0 C:\Users\Mad-P\AppData\Local\Temp\lj_lex-80c56a.o
 .rodata        0x0000000001052bf0       0x38 C:\Users\Mad-P\AppData\Local\Temp\lj_lib-3aa597.o
 *fill*         0x0000000001052c28        0x8 
 .rodata        0x0000000001052c30       0xd0 C:\Users\Mad-P\AppData\Local\Temp\lj_obj-f2ff0e.o
                0x0000000001052c30                lj_obj_typename
                0x0000000001052c90                lj_obj_itypename
 .rodata        0x0000000001052d00       0xfe C:\Users\Mad-P\AppData\Local\Temp\lj_parse-63e274.o
 *fill*         0x0000000001052dfe        0x2 
 .rodata        0x0000000001052e00       0x78 C:\Users\Mad-P\AppData\Local\Temp\lj_strfmt-bc2bb5.o
 *fill*         0x0000000001052e78        0x8 
 .rodata        0x0000000001052e80      0x240 C:\Users\Mad-P\AppData\Local\Temp\lj_strfmt_num-4324f1.o
 .rodata        0x00000000010530c0       0x40 C:\Users\Mad-P\AppData\Local\Temp\lj_vmmath-338e6d.o
 .rodata        0x0000000001053100       0xc0 C:\Users\Mad-P\AppData\Local\Temp\lib_init-70dc7e.o
 .rodata        0x00000000010531c0      0x298 C:\Users\Mad-P\AppData\Local\Temp\lib_base-a9c53a.o
 *fill*         0x0000000001053458        0x8 
 .rodata        0x0000000001053460      0x130 C:\Users\Mad-P\AppData\Local\Temp\lib_math-70ed43.o
 .rodata        0x0000000001053590       0x80 C:\Users\Mad-P\AppData\Local\Temp\lib_bit-41b831.o
 .rodata        0x0000000001053610      0x320 C:\Users\Mad-P\AppData\Local\Temp\lib_string-16c6ec.o
 .rodata        0x0000000001053930      0x220 C:\Users\Mad-P\AppData\Local\Temp\lib_table-6de2a2.o
 .rodata        0x0000000001053b50      0x148 C:\Users\Mad-P\AppData\Local\Temp\lib_io-53e52b.o
 *fill*         0x0000000001053c98        0x8 
 .rodata        0x0000000001053ca0       0xb8 C:\Users\Mad-P\AppData\Local\Temp\lib_os-4d30c1.o
 *fill*         0x0000000001053d58        0x8 
 .rodata        0x0000000001053d60       0xa0 C:\Users\Mad-P\AppData\Local\Temp\lib_package-546b26.o
 .rodata        0x0000000001053e00      0x298 C:\Users\Mad-P\AppData\Local\Temp\lib_debug-49a01c.o
 *fill*         0x0000000001054098        0x8 
 .rodata        0x00000000010540a0       0xd0 C:\Users\Mad-P\AppData\Local\Temp\lib_jit-0da9fb.o

.rodata.str1.1  0x0000000001055000     0x6600
 .rodata.str1.1
                0x0000000001055000       0x6c C:\Users\Mad-P\AppData\Local\Temp\start-edd3e9.o
 .rodata.str1.1
                0x000000000105506c        0x7 C:\Users\Mad-P\AppData\Local\Temp\locale-292cfd.o
 .rodata.str1.1
                0x0000000001055073       0x77 C:\Users\Mad-P\AppData\Local\Temp\math-8013eb.o
 .rodata.str1.1
                0x00000000010550ea       0xab C:\Users\Mad-P\AppData\Local\Temp\stdio-be3bc4.o
 .rodata.str1.1
                0x0000000001055195       0x39 C:\Users\Mad-P\AppData\Local\Temp\stdlib-960e5f.o
 .rodata.str1.1
                0x00000000010551ce       0x4a C:\Users\Mad-P\AppData\Local\Temp\string-bb5499.o
 .rodata.str1.1
                0x0000000001055218       0x3c C:\Users\Mad-P\AppData\Local\Temp\time-b1a71b.o
 .rodata.str1.1
                0x0000000001055254     0x14ca C:\Users\Mad-P\AppData\Local\Temp\lj_api-e6d69c.o
 .rodata.str1.1
                0x000000000105671e      0x26e C:\Users\Mad-P\AppData\Local\Temp\lj_bcread-e0d03a.o
 .rodata.str1.1
                0x000000000105698c      0x23d C:\Users\Mad-P\AppData\Local\Temp\lj_bcwrite-4f7308.o
 .rodata.str1.1
                0x0000000001056bc9       0xda C:\Users\Mad-P\AppData\Local\Temp\lj_buf-856ecb.o
 .rodata.str1.1
                0x0000000001056ca3      0x5e9 C:\Users\Mad-P\AppData\Local\Temp\lj_debug-a538de.o
 .rodata.str1.1
                0x000000000105728c       0xc4 C:\Users\Mad-P\AppData\Local\Temp\lj_dispatch-37e82f.o
 .rodata.str1.1
                0x0000000001057350       0xe9 C:\Users\Mad-P\AppData\Local\Temp\lj_err-bc9216.o
 .rodata.str1.1
                0x0000000001057439      0x108 C:\Users\Mad-P\AppData\Local\Temp\lj_func-aec8b7.o
 .rodata.str1.1
                0x0000000001057541      0x9b9 C:\Users\Mad-P\AppData\Local\Temp\lj_gc-c4cab6.o
 .rodata.str1.1
                0x0000000001057efa      0x1bc C:\Users\Mad-P\AppData\Local\Temp\lj_lex-80c56a.o
 .rodata.str1.1
                0x00000000010580b6      0x351 C:\Users\Mad-P\AppData\Local\Temp\lj_lib-3aa597.o
 .rodata.str1.1
                0x0000000001058407      0x115 C:\Users\Mad-P\AppData\Local\Temp\lj_load-436d62.o
 .rodata.str1.1
                0x000000000105851c      0x4d3 C:\Users\Mad-P\AppData\Local\Temp\lj_meta-7a4a33.o
 .rodata.str1.1
                0x00000000010589ef      0x107 C:\Users\Mad-P\AppData\Local\Temp\lj_obj-f2ff0e.o
 .rodata.str1.1
                0x0000000001058af6      0xb60 C:\Users\Mad-P\AppData\Local\Temp\lj_parse-63e274.o
 .rodata.str1.1
                0x0000000001059656      0x19a C:\Users\Mad-P\AppData\Local\Temp\lj_state-e527fc.o
 .rodata.str1.1
                0x00000000010597f0       0xe5 C:\Users\Mad-P\AppData\Local\Temp\lj_str-5e69de.o
 .rodata.str1.1
                0x00000000010598d5      0x1e4 C:\Users\Mad-P\AppData\Local\Temp\lj_strfmt-bc2bb5.o
 .rodata.str1.1
                0x0000000001059ab9       0x8c C:\Users\Mad-P\AppData\Local\Temp\lj_strfmt_num-4324f1.o
 .rodata.str1.1
                0x0000000001059b45       0x8f C:\Users\Mad-P\AppData\Local\Temp\lj_strscan-b51874.o
 .rodata.str1.1
                0x0000000001059bd4      0x443 C:\Users\Mad-P\AppData\Local\Temp\lj_tab-936da9.o
 .rodata.str1.1
                0x000000000105a017      0x108 C:\Users\Mad-P\AppData\Local\Temp\lj_vmevent-3f5880.o
 .rodata.str1.1
                0x000000000105a11f       0x47 C:\Users\Mad-P\AppData\Local\Temp\lib_aux-1f7f70.o
 .rodata.str1.1
                0x000000000105a166       0x38 C:\Users\Mad-P\AppData\Local\Temp\lib_init-70dc7e.o
 .rodata.str1.1
                0x000000000105a19e      0x377 C:\Users\Mad-P\AppData\Local\Temp\lib_base-a9c53a.o
 .rodata.str1.1
                0x000000000105a515       0x6a C:\Users\Mad-P\AppData\Local\Temp\lib_math-70ed43.o
 .rodata.str1.1
                0x000000000105a57f       0x8b C:\Users\Mad-P\AppData\Local\Temp\lib_bit-41b831.o
 .rodata.str1.1
                0x000000000105a60a      0x1fc C:\Users\Mad-P\AppData\Local\Temp\lib_string-16c6ec.o
 .rodata.str1.1
                0x000000000105a806      0x18b C:\Users\Mad-P\AppData\Local\Temp\lib_table-6de2a2.o
 .rodata.str1.1
                0x000000000105a991      0x39d C:\Users\Mad-P\AppData\Local\Temp\lib_io-53e52b.o
 .rodata.str1.1
                0x000000000105ad2e       0xb8 C:\Users\Mad-P\AppData\Local\Temp\lib_os-4d30c1.o
 .rodata.str1.1
                0x000000000105ade6      0x340 C:\Users\Mad-P\AppData\Local\Temp\lib_package-546b26.o
 .rodata.str1.1
                0x000000000105b126      0x18e C:\Users\Mad-P\AppData\Local\Temp\lib_debug-49a01c.o
 .rodata.str1.1
                0x000000000105b2b4      0x332 C:\Users\Mad-P\AppData\Local\Temp\lib_jit-0da9fb.o

.rodata.cst8    0x000000000105c000      0x200
 .rodata.cst8   0x000000000105c000       0xa0 C:\Users\Mad-P\AppData\Local\Temp\math-8013eb.o
 .rodata.cst8   0x000000000105c0a0       0x10 C:\Users\Mad-P\AppData\Local\Temp\lj_strfmt-bc2bb5.o
 .rodata.cst8   0x000000000105c0b0       0x10 C:\Users\Mad-P\AppData\Local\Temp\lj_strfmt_num-4324f1.o
 .rodata.cst8   0x000000000105c0c0        0x8 C:\Users\Mad-P\AppData\Local\Temp\lj_strscan-b51874.o
 .rodata.cst8   0x000000000105c0c8        0x8 C:\Users\Mad-P\AppData\Local\Temp\lib_base-a9c53a.o
 .rodata.cst8   0x000000000105c0d0       0x20 C:\Users\Mad-P\AppData\Local\Temp\lib_math-70ed43.o
 .rodata.cst8   0x000000000105c0f0        0x8 C:\Users\Mad-P\AppData\Local\Temp\lib_bit-41b831.o
 .rodata.cst8   0x000000000105c0f8        0x8 C:\Users\Mad-P\AppData\Local\Temp\lib_os-4d30c1.o

.rodata.cst16   0x000000000105d000      0x200
 .rodata.cst16  0x000000000105d000       0x10 C:\Users\Mad-P\AppData\Local\Temp\lj_vmmath-338e6d.o
 .rodata.cst16  0x000000000105d010       0x40 C:\Users\Mad-P\AppData\Local\Temp\lib_base-a9c53a.o

.eh_frame       0x000000000105e000     0x5e00
 *(.eh_frame*)
 .eh_frame      0x000000000105e000      0x118 C:\Users\Mad-P\AppData\Local\Temp\screen-7a1220.o
 .eh_frame      0x000000000105e118       0x50 C:\Users\Mad-P\AppData\Local\Temp\start-edd3e9.o
 .eh_frame      0x000000000105e168       0x38 C:\Users\Mad-P\AppData\Local\Temp\assert-67d0be.o
 .eh_frame      0x000000000105e1a0       0x38 C:\Users\Mad-P\AppData\Local\Temp\locale-292cfd.o
 .eh_frame      0x000000000105e1d8      0x248 C:\Users\Mad-P\AppData\Local\Temp\math-8013eb.o
 .eh_frame      0x000000000105e420      0x2a0 C:\Users\Mad-P\AppData\Local\Temp\stdio-be3bc4.o
 .eh_frame      0x000000000105e6c0       0xf8 C:\Users\Mad-P\AppData\Local\Temp\stdlib-960e5f.o
 .eh_frame      0x000000000105e7b8      0x1a0 C:\Users\Mad-P\AppData\Local\Temp\string-bb5499.o
 .eh_frame      0x000000000105e958       0xe0 C:\Users\Mad-P\AppData\Local\Temp\time-b1a71b.o
 .eh_frame      0x000000000105ea38      0x980 C:\Users\Mad-P\AppData\Local\Temp\lj_api-e6d69c.o
 .eh_frame      0x000000000105f3b8      0x1c0 C:\Users\Mad-P\AppData\Local\Temp\lj_bcread-e0d03a.o
 .eh_frame      0x000000000105f578      0x130 C:\Users\Mad-P\AppData\Local\Temp\lj_bcwrite-4f7308.o
 .eh_frame      0x000000000105f6a8      0x1d8 C:\Users\Mad-P\AppData\Local\Temp\lj_buf-856ecb.o
 .eh_frame      0x000000000105f880      0x230 C:\Users\Mad-P\AppData\Local\Temp\lj_debug-a538de.o
 .eh_frame      0x000000000105fab0      0x188 C:\Users\Mad-P\AppData\Local\Temp\lj_dispatch-37e82f.o
 .eh_frame      0x000000000105fc38      0x310 C:\Users\Mad-P\AppData\Local\Temp\lj_err-bc9216.o
 .eh_frame      0x000000000105ff48      0x150 C:\Users\Mad-P\AppData\Local\Temp\lj_func-aec8b7.o
 .eh_frame      0x0000000001060098      0x380 C:\Users\Mad-P\AppData\Local\Temp\lj_gc-c4cab6.o
 .eh_frame      0x0000000001060418      0x1a0 C:\Users\Mad-P\AppData\Local\Temp\lj_lex-80c56a.o
 .eh_frame      0x00000000010605b8      0x1d8 C:\Users\Mad-P\AppData\Local\Temp\lj_lib-3aa597.o
 .eh_frame      0x0000000001060790      0x150 C:\Users\Mad-P\AppData\Local\Temp\lj_load-436d62.o
 .eh_frame      0x00000000010608e0      0x1c0 C:\Users\Mad-P\AppData\Local\Temp\lj_meta-7a4a33.o
 .eh_frame      0x0000000001060aa0       0x50 C:\Users\Mad-P\AppData\Local\Temp\lj_obj-f2ff0e.o
 .eh_frame      0x0000000001060af0      0xcb0 C:\Users\Mad-P\AppData\Local\Temp\lj_parse-63e274.o
 .eh_frame      0x00000000010617a0      0x188 C:\Users\Mad-P\AppData\Local\Temp\lj_state-e527fc.o
 .eh_frame      0x0000000001061928       0xc0 C:\Users\Mad-P\AppData\Local\Temp\lj_str-5e69de.o
 .eh_frame      0x00000000010619e8      0x210 C:\Users\Mad-P\AppData\Local\Temp\lj_strfmt-bc2bb5.o
 .eh_frame      0x0000000001061bf8      0x118 C:\Users\Mad-P\AppData\Local\Temp\lj_strfmt_num-4324f1.o
 .eh_frame      0x0000000001061d10       0xe0 C:\Users\Mad-P\AppData\Local\Temp\lj_strscan-b51874.o
 .eh_frame      0x0000000001061df0      0x2d8 C:\Users\Mad-P\AppData\Local\Temp\lj_tab-936da9.o
 .eh_frame      0x00000000010620c8       0x50 C:\Users\Mad-P\AppData\Local\Temp\lj_udata-839ae3.o
 .eh_frame      0x0000000001062118       0x50 C:\Users\Mad-P\AppData\Local\Temp\lj_vmevent-3f5880.o
 .eh_frame      0x0000000001062168       0x38 C:\Users\Mad-P\AppData\Local\Temp\lj_vmmath-338e6d.o
 .eh_frame      0x00000000010621a0      0x248 C:\Users\Mad-P\AppData\Local\Temp\lib_aux-1f7f70.o
 .eh_frame      0x00000000010623e8       0x38 C:\Users\Mad-P\AppData\Local\Temp\lib_init-70dc7e.o
 .eh_frame      0x0000000001062420      0x478 C:\Users\Mad-P\AppData\Local\Temp\lib_base-a9c53a.o
 .eh_frame      0x0000000001062898      0x150 C:\Users\Mad-P\AppData\Local\Temp\lib_math-70ed43.o
 .eh_frame      0x00000000010629e8       0xf8 C:\Users\Mad-P\AppData\Local\Temp\lib_bit-41b831.o
 .eh_frame      0x0000000001062ae0      0x3b8 C:\Users\Mad-P\AppData\Local\Temp\lib_string-16c6ec.o
 .eh_frame      0x0000000001062e98      0x168 C:\Users\Mad-P\AppData\Local\Temp\lib_table-6de2a2.o
 .eh_frame      0x0000000001063000      0x428 C:\Users\Mad-P\AppData\Local\Temp\lib_io-53e52b.o
 .eh_frame      0x0000000001063428      0x1d8 C:\Users\Mad-P\AppData\Local\Temp\lib_os-4d30c1.o
 .eh_frame      0x0000000001063600      0x310 C:\Users\Mad-P\AppData\Local\Temp\lib_package-546b26.o
 .eh_frame      0x0000000001063910      0x2f0 C:\Users\Mad-P\AppData\Local\Temp\lib_debug-49a01c.o
 .eh_frame      0x0000000001063c00      0x1d8 C:\Users\Mad-P\AppData\Local\Temp\lib_jit-0da9fb.o

.pdata
 *(.pdata*)

.xdata
 *(.xdata*)

.bss            0x0000000001064000       0x24
                0x0000000001064000                __bss_start__ = .
 *(.bss)
 .bss           0x0000000001064000        0x4 C:\Users\Mad-P\AppData\Local\Temp\screen-7a1220.o
                0x0000000001064000                cursor_i
 *fill*         0x0000000001064004        0xc 
 .bss           0x0000000001064010        0x0 bin/liblj_vm.a
 *(COMMON)
 COMMON         0x0000000001064010       0x10 C:\Users\Mad-P\AppData\Local\Temp\stdlib-960e5f.o
                0x0000000001064010                heap_top
                0x0000000001064018                heap_base
 COMMON         0x0000000001064020        0x4 C:\Users\Mad-P\AppData\Local\Temp\lj_load-436d62.o
                0x0000000001064020                errno
                0x0000000001064024                __bss_end__ = .

.edata
 *(.edata)

/DISCARD/
 *(.debug$S)
 *(.debug$T)
 *(.debug$F)
 *(.drectve)
 *(.note.GNU-stack)
 *(.gnu.lto_*)

.idata          0x0000000001065000      0x200
 SORT(*)(.idata$2)
 SORT(*)(.idata$3)
                0x0000000001065000        0x4 LONG 0x0
                0x0000000001065004        0x4 LONG 0x0
                0x0000000001065008        0x4 LONG 0x0
                0x000000000106500c        0x4 LONG 0x0
                0x0000000001065010        0x4 LONG 0x0
 SORT(*)(.idata$4)
                0x0000000001065014                __IAT_start__ = .
 SORT(*)(.idata$5)
                0x0000000001065014                __IAT_end__ = .
 SORT(*)(.idata$6)
 SORT(*)(.idata$7)

.CRT            0x0000000001066000        0x0
                0x0000000001066000                ___crt_xc_start__ = .
 *(SORT(.CRT$XC*))
                0x0000000001066000                ___crt_xc_end__ = .
                0x0000000001066000                ___crt_xi_start__ = .
 *(SORT(.CRT$XI*))
                0x0000000001066000                ___crt_xi_end__ = .
                0x0000000001066000                ___crt_xl_start__ = .
 *(SORT(.CRT$XL*))
                0x0000000001066000                ___crt_xp_start__ = .
 *(SORT(.CRT$XP*))
                0x0000000001066000                ___crt_xp_end__ = .
                0x0000000001066000                ___crt_xt_start__ = .
 *(SORT(.CRT$XT*))
                0x0000000001066000                ___crt_xt_end__ = .

.tls            0x0000000001066000        0x0
                0x0000000001066000                ___tls_start__ = .
 *(.tls$AAA)
 *(.tls)
 *(.tls$)
 *(SORT(.tls$*))
 *(.tls$ZZZ)
                0x0000000001066000                ___tls_end__ = .

.endjunk        0x0000000001066000        0x0
                [!provide]                        PROVIDE (end, .)
                [!provide]                        PROVIDE (_end, .)
                0x0000000001066000                __end__ = .

.rsrc
 *(.rsrc)
 *(.rsrc$*)

.reloc
 *(.reloc)

.stab
 *(.stab)

.stabstr
 *(.stabstr)

.debug_aranges
 *(.debug_aranges)

.zdebug_aranges
 *(.zdebug_aranges)

.debug_pubnames
 *(.debug_pubnames)

.zdebug_pubnames
 *(.zdebug_pubnames)

.debug_pubtypes
 *(.debug_pubtypes)

.zdebug_pubtypes
 *(.zdebug_pubtypes)

.debug_info
 *(.debug_info .gnu.linkonce.wi.*)

.zdebug_info
 *(.zdebug_info .zdebug.gnu.linkonce.wi.*)

.debug_abbrev
 *(.debug_abbrev)

.zdebug_abbrev
 *(.zdebug_abbrev)

.debug_line
 *(.debug_line)

.zdebug_line
 *(.zdebug_line)

.debug_frame
 *(.debug_frame)

.zdebug_frame
 *(.zdebug_frame)

.debug_str
 *(.debug_str)

.zdebug_str
 *(.zdebug_str)

.debug_loc
 *(.debug_loc)

.zdebug_loc
 *(.zdebug_loc)

.debug_macinfo
 *(.debug_macinfo)

.zdebug_macinfo
 *(.zdebug_macinfo)

.debug_weaknames
 *(.debug_weaknames)

.zdebug_weaknames
 *(.zdebug_weaknames)

.debug_funcnames
 *(.debug_funcnames)

.zdebug_funcnames
 *(.zdebug_funcnames)

.debug_typenames
 *(.debug_typenames)

.zdebug_typenames
 *(.zdebug_typenames)

.debug_varnames
 *(.debug_varnames)

.zdebug_varnames
 *(.zdebug_varnames)

.debug_macro
 *(.debug_macro)

.zdebug_macro
 *(.zdebug_macro)

.debug_ranges
 *(.debug_ranges)

.zdebug_ranges
 *(.zdebug_ranges)

.debug_types
 *(.debug_types .gnu.linkonce.wt.*)

.zdebug_types
 *(.zdebug_types .zdebug.gnu.linkonce.wt.*)
OUTPUT(bin/FullMoon.krn pei-x86-64)

.comment        0x0000000000000000      0xe00
 .comment       0x0000000000000000       0x2b C:\Users\Mad-P\AppData\Local\Temp\lj_shim-35ccf9.o
 .comment       0x000000000000002b       0x2b C:\Users\Mad-P\AppData\Local\Temp\screen-7a1220.o
 .comment       0x0000000000000056       0x2b C:\Users\Mad-P\AppData\Local\Temp\start-edd3e9.o
 .comment       0x0000000000000081       0x2b C:\Users\Mad-P\AppData\Local\Temp\assert-67d0be.o
 .comment       0x00000000000000ac       0x2b C:\Users\Mad-P\AppData\Local\Temp\locale-292cfd.o
 .comment       0x00000000000000d7       0x2b C:\Users\Mad-P\AppData\Local\Temp\math-8013eb.o
 .comment       0x0000000000000102       0x2b C:\Users\Mad-P\AppData\Local\Temp\stdio-be3bc4.o
 .comment       0x000000000000012d       0x2b C:\Users\Mad-P\AppData\Local\Temp\stdlib-960e5f.o
 .comment       0x0000000000000158       0x2b C:\Users\Mad-P\AppData\Local\Temp\string-bb5499.o
 .comment       0x0000000000000183       0x2b C:\Users\Mad-P\AppData\Local\Temp\time-b1a71b.o
 .comment       0x00000000000001ae       0x2b C:\Users\Mad-P\AppData\Local\Temp\lj_alloc-65fc53.o
 .comment       0x00000000000001d9       0x2b C:\Users\Mad-P\AppData\Local\Temp\lj_api-e6d69c.o
 .comment       0x0000000000000204       0x2b C:\Users\Mad-P\AppData\Local\Temp\lj_asm-37b371.o
 .comment       0x000000000000022f       0x2b C:\Users\Mad-P\AppData\Local\Temp\lj_bc-3f3c18.o
 .comment       0x000000000000025a       0x2b C:\Users\Mad-P\AppData\Local\Temp\lj_bcread-e0d03a.o
 .comment       0x0000000000000285       0x2b C:\Users\Mad-P\AppData\Local\Temp\lj_bcwrite-4f7308.o
 .comment       0x00000000000002b0       0x2b C:\Users\Mad-P\AppData\Local\Temp\lj_buf-856ecb.o
 .comment       0x00000000000002db       0x2b C:\Users\Mad-P\AppData\Local\Temp\lj_carith-cbcec4.o
 .comment       0x0000000000000306       0x2b C:\Users\Mad-P\AppData\Local\Temp\lj_ccall-0e422e.o
 .comment       0x0000000000000331       0x2b C:\Users\Mad-P\AppData\Local\Temp\lj_ccallback-3c332d.o
 .comment       0x000000000000035c       0x2b C:\Users\Mad-P\AppData\Local\Temp\lj_cconv-308b5a.o
 .comment       0x0000000000000387       0x2b C:\Users\Mad-P\AppData\Local\Temp\lj_cdata-8fe54b.o
 .comment       0x00000000000003b2       0x2b C:\Users\Mad-P\AppData\Local\Temp\lj_char-e9bcb0.o
 .comment       0x00000000000003dd       0x2b C:\Users\Mad-P\AppData\Local\Temp\lj_clib-95bcb6.o
 .comment       0x0000000000000408       0x2b C:\Users\Mad-P\AppData\Local\Temp\lj_cparse-6254a9.o
 .comment       0x0000000000000433       0x2b C:\Users\Mad-P\AppData\Local\Temp\lj_crecord-48ed97.o
 .comment       0x000000000000045e       0x2b C:\Users\Mad-P\AppData\Local\Temp\lj_ctype-24c9c1.o
 .comment       0x0000000000000489       0x2b C:\Users\Mad-P\AppData\Local\Temp\lj_debug-a538de.o
 .comment       0x00000000000004b4       0x2b C:\Users\Mad-P\AppData\Local\Temp\lj_dispatch-37e82f.o
 .comment       0x00000000000004df       0x2b C:\Users\Mad-P\AppData\Local\Temp\lj_err-bc9216.o
 .comment       0x000000000000050a       0x2b C:\Users\Mad-P\AppData\Local\Temp\lj_ffrecord-c8ed53.o
 .comment       0x0000000000000535       0x2b C:\Users\Mad-P\AppData\Local\Temp\lj_func-aec8b7.o
 .comment       0x0000000000000560       0x2b C:\Users\Mad-P\AppData\Local\Temp\lj_gc-c4cab6.o
 .comment       0x000000000000058b       0x2b C:\Users\Mad-P\AppData\Local\Temp\lj_gdbjit-d95f99.o
 .comment       0x00000000000005b6       0x2b C:\Users\Mad-P\AppData\Local\Temp\lj_ir-e7a937.o
 .comment       0x00000000000005e1       0x2b C:\Users\Mad-P\AppData\Local\Temp\lj_lex-80c56a.o
 .comment       0x000000000000060c       0x2b C:\Users\Mad-P\AppData\Local\Temp\lj_lib-3aa597.o
 .comment       0x0000000000000637       0x2b C:\Users\Mad-P\AppData\Local\Temp\lj_load-436d62.o
 .comment       0x0000000000000662       0x2b C:\Users\Mad-P\AppData\Local\Temp\lj_mcode-cd2133.o
 .comment       0x000000000000068d       0x2b C:\Users\Mad-P\AppData\Local\Temp\lj_meta-7a4a33.o
 .comment       0x00000000000006b8       0x2b C:\Users\Mad-P\AppData\Local\Temp\lj_obj-f2ff0e.o
 .comment       0x00000000000006e3       0x2b C:\Users\Mad-P\AppData\Local\Temp\lj_opt_dce-a06b3d.o
 .comment       0x000000000000070e       0x2b C:\Users\Mad-P\AppData\Local\Temp\lj_opt_fold-2ba073.o
 .comment       0x0000000000000739       0x2b C:\Users\Mad-P\AppData\Local\Temp\lj_opt_loop-c5e4a7.o
 .comment       0x0000000000000764       0x2b C:\Users\Mad-P\AppData\Local\Temp\lj_opt_mem-5dbb2a.o
 .comment       0x000000000000078f       0x2b C:\Users\Mad-P\AppData\Local\Temp\lj_opt_narrow-0b5799.o
 .comment       0x00000000000007ba       0x2b C:\Users\Mad-P\AppData\Local\Temp\lj_opt_sink-bd702e.o
 .comment       0x00000000000007e5       0x2b C:\Users\Mad-P\AppData\Local\Temp\lj_opt_split-3503a3.o
 .comment       0x0000000000000810       0x2b C:\Users\Mad-P\AppData\Local\Temp\lj_parse-63e274.o
 .comment       0x000000000000083b       0x2b C:\Users\Mad-P\AppData\Local\Temp\lj_profile-6f7900.o
 .comment       0x0000000000000866       0x2b C:\Users\Mad-P\AppData\Local\Temp\lj_record-dddcc6.o
 .comment       0x0000000000000891       0x2b C:\Users\Mad-P\AppData\Local\Temp\lj_snap-d0df82.o
 .comment       0x00000000000008bc       0x2b C:\Users\Mad-P\AppData\Local\Temp\lj_state-e527fc.o
 .comment       0x00000000000008e7       0x2b C:\Users\Mad-P\AppData\Local\Temp\lj_str-5e69de.o
 .comment       0x0000000000000912       0x2b C:\Users\Mad-P\AppData\Local\Temp\lj_strfmt-bc2bb5.o
 .comment       0x000000000000093d       0x2b C:\Users\Mad-P\AppData\Local\Temp\lj_strfmt_num-4324f1.o
 .comment       0x0000000000000968       0x2b C:\Users\Mad-P\AppData\Local\Temp\lj_strscan-b51874.o
 .comment       0x0000000000000993       0x2b C:\Users\Mad-P\AppData\Local\Temp\lj_tab-936da9.o
 .comment       0x00000000000009be       0x2b C:\Users\Mad-P\AppData\Local\Temp\lj_trace-60ed3d.o
 .comment       0x00000000000009e9       0x2b C:\Users\Mad-P\AppData\Local\Temp\lj_udata-839ae3.o
 .comment       0x0000000000000a14       0x2b C:\Users\Mad-P\AppData\Local\Temp\lj_vmevent-3f5880.o
 .comment       0x0000000000000a3f       0x2b C:\Users\Mad-P\AppData\Local\Temp\lj_vmmath-338e6d.o
 .comment       0x0000000000000a6a       0x2b C:\Users\Mad-P\AppData\Local\Temp\lib_aux-1f7f70.o
 .comment       0x0000000000000a95       0x2b C:\Users\Mad-P\AppData\Local\Temp\lib_init-70dc7e.o
 .comment       0x0000000000000ac0       0x2b C:\Users\Mad-P\AppData\Local\Temp\lib_base-a9c53a.o
 .comment       0x0000000000000aeb       0x2b C:\Users\Mad-P\AppData\Local\Temp\lib_math-70ed43.o
 .comment       0x0000000000000b16       0x2b C:\Users\Mad-P\AppData\Local\Temp\lib_bit-41b831.o
 .comment       0x0000000000000b41       0x2b C:\Users\Mad-P\AppData\Local\Temp\lib_string-16c6ec.o
 .comment       0x0000000000000b6c       0x2b C:\Users\Mad-P\AppData\Local\Temp\lib_table-6de2a2.o
 .comment       0x0000000000000b97       0x2b C:\Users\Mad-P\AppData\Local\Temp\lib_io-53e52b.o
 .comment       0x0000000000000bc2       0x2b C:\Users\Mad-P\AppData\Local\Temp\lib_os-4d30c1.o
 .comment       0x0000000000000bed       0x2b C:\Users\Mad-P\AppData\Local\Temp\lib_package-546b26.o
 .comment       0x0000000000000c18       0x2b C:\Users\Mad-P\AppData\Local\Temp\lib_debug-49a01c.o
 .comment       0x0000000000000c43       0x2b C:\Users\Mad-P\AppData\Local\Temp\lib_jit-0da9fb.o
 .comment       0x0000000000000c6e       0x2b C:\Users\Mad-P\AppData\Local\Temp\lib_ffi-178c62.o
